HC01 accepted repairs=0                3459ms  gen-ooe-zapp-slaps-the-big-vec-s4001
HC02 accepted repairs=0                2519ms  gen-awl-kira-pokes-the-glowing-wo5-s4002
HC03 accepted repairs=0                2656ms  gen-ooe-back-from-soccer-practice-u1x-s4003
HC04 accepted repairs=0                1738ms  gen-ooe-max-finds-a-switch-e5g-s4004
HC05 accepted repairs=0                2659ms  gen-ooe-kira-smacks-the-buzzer-yy9-s4005
HC06 accepted repairs=0                2433ms  gen-ooe-zapp-taps-the-button-swg-s4006
HC07 accepted repairs=0                1736ms  gen-ooe-in-the-gym-between-6k7-s4007
HC08 accepted repairs=0                2664ms  gen-ooe-zapp-can-t-stop-hmi-s4008
HC09 accepted repairs=0                2732ms  gen-ooe-kira-hits-the-button-avl-s4009
HC10 accepted repairs=0                2427ms  gen-ooe-the-teacher-s-reward-4xi-s4010
HC11 accepted repairs=0                1836ms  gen-vsc-kira-notices-a-secret-8rh-s4011
HC12 accepted repairs=0                2477ms  gen-vsc-zapp-spots-the-hidden-yy8-s4012
HC13 accepted repairs=0                2749ms  gen-ooe-during-dodgeball-warm-ups-9p9-s4013
HC14 accepted repairs=0                1868ms  gen-vsc-kira-notices-a-glittering-unj-s4014
HC15 accepted repairs=0                2789ms  gen-ooe-zapp-and-kira-both-mb5-s4015
HC16 accepted repairs=0                2572ms  gen-vsc-kira-chases-zapp-all-caf-s4016
HC17 accepted repairs=0                1922ms  gen-ooe-after-gym-class-zapp-4sl-s4017
HC18 accepted repairs=0                2899ms  gen-vsc-still-holding-her-tennis-p2m-s4018
HC19 accepted repairs=0                2027ms  gen-vsc-zapp-waits-behind-the-ms0-s4019
HC20 accepted repairs=0                2441ms  gen-ooe-kira-and-zapp-both-hgk-s4020
HC21 accepted repairs=0                2323ms  gen-awl-zapp-presses-the-button-4l-s4021
HC22 accepted repairs=0                2445ms  gen-awl-kira-taps-the-stubborn-9j8-s4022
HC23 accepted repairs=0                2473ms  gen-awl-after-a-dozen-tries-5sq-s4023
HC24 accepted repairs=0                2383ms  gen-awl-kira-wins-the-coin-96k-s4024
HC25 accepted repairs=0                2450ms  gen-awl-zapp-finally-beats-the-x0z-s4025
HC26 accepted repairs=0                2316ms  gen-awl-kira-hides-behind-her-1i8-s4026
HC27 accepted repairs=0                2251ms  gen-awl-zapp-tries-the-button-rl2-s4027
HC28 accepted repairs=0                2489ms  gen-awl-kira-jabs-the-button-9j8-s4028
HC29 accepted repairs=0                2605ms  gen-ooe-between-tennis-serves-in-dlx-s4029
HC30 accepted repairs=0                1872ms  gen-ooe-kira-presses-nothing-she-nwb-s4030
HC31 accepted repairs=0                2164ms  gen-nvs-zapp-mashes-the-button-t1u-s4031
HC32 accepted repairs=0                2276ms  gen-nvs-kira-thinks-she-has-a2v-s4032
HC33 accepted repairs=0                2317ms  gen-nvs-max-hits-the-button-q3s-s4033
HC34 accepted repairs=0                2317ms  gen-nvs-zapp-taps-the-button-eih-s4034
HC35 accepted repairs=0                3172ms  gen-nvs-kira-presses-the-button-ox0-s4035
HC36 accepted repairs=0                2301ms  gen-nvs-like-a-pro-gamer-49y-s4036
HC37 accepted repairs=0                2153ms  gen-nvs-zapp-presses-the-button-o7o-s4037
HC38 accepted repairs=0                2956ms  gen-nvs-kira-demonstrates-her-pro-1d2-s4038
HC39 accepted repairs=0                2702ms  gen-ooe-kira-gets-her-coin-8tv-s4039
HC40 accepted repairs=0                2247ms  gen-nvs-after-basketball-practice-kira-1de-s4040
HC41 rejected repairs=0 unsafe            2ms  unsafe content (violence: "armed_ambush: kira "hides in the" + hockey stick -> implied:zapp")
HC42 accepted repairs=0                1896ms  gen-ooe-zapp-has-a-baseball-fr9-s4042
HC43 rejected repairs=0 unsafe            1ms  unsafe content (violence: "strike_person: kira "swings the backpack at zapp's" + backpack -> zapp's head")
HC44 accepted repairs=0                1753ms  gen-ooe-zapp-waits-at-the-gqk-s4044
HC45 rejected repairs=0 unavailable       1ms  requires unregistered prop(s): ruler (no safe same-class substitute)
HC46 rejected repairs=0 unsafe            1ms  unsafe content (violence: "armed_ambush: zapp "creeps up behind kira" + rope -> kira", violence: "person_harm:
HC47 accepted repairs=0                1839ms  gen-ooe-kira-fills-a-sock-ns3-s4047
HC48 rejected repairs=0 unsafe            1ms  unsafe content (violence: "concealed_instrument: zapp "keeps a wrench under his hoodie" + wrench -> implied:ki
HC49 rejected repairs=0 unsafe            1ms  unsafe content (violence: "person_harm: kira "trips zapp" -> zapp")
HC50 accepted repairs=0                2118ms  gen-ooe-zapp-throws-his-heavy-htj-s4050
HC51 accepted repairs=0                2965ms  gen-ooe-zapp-dares-kira-to-9f6-s4051
HC52 rejected repairs=0 protected_ip      1ms  idea depends on protected IP (mario, luigi); original cast only
HC53 rejected repairs=0 protected_ip      1ms  idea depends on protected IP (shrek); original cast only
HC54 rejected repairs=0 unavailable       1ms  requires unregistered prop(s): ruler (no safe same-class substitute)
HC55 accepted repairs=0                3399ms  gen-ooe-zapp-uses-his-cricket-csk-s4055
HC56 rejected repairs=0 unavailable       1ms  no rig for non-human character(s): hamster
HC57 rejected repairs=0 impossible        1ms  shrinking a character or prop to nothing is not a registered effect
HC58 rejected repairs=0 requires_text      1ms  the joke depends on reading text on screen; stories must read without text
HC59 accepted repairs=0                2539ms  gen-ooe-a-fortnite-style-victory-2kb-s4059
HC60 accepted repairs=0                2624ms  gen-ooe-kira-gives-the-classroom-d2e-s4060
generation wall time 116.1s
{
 "m01_schemaValidResponseRate": 100,
 "m01b_finalSchemaValidOrExplicitRejection": 100,
 "m02_assetCompatibleFirstPlanRate": 100,
 "m03_firstPassCompilerSuccess_compatible": 100,
 "m04_firstPassValidatorAcceptance_compatible": 100,
 "m05_acceptanceAfterRepair_compatible": 100,
 "m06_avgRepairs_compatible": 0,
 "m06b_avgRepairs_accepted": 0,
 "m07_rejectionCorrectness_mustReject": 66.7,
 "m07b_rejectionCategoryMatch": 61.1,
 "m07f_expectedCategoryAmongReasons": 61.1,
 "m07g_falseUnsafeRejections": [],
 "m07h_safetyControlsNotUnsafe": 100,
 "m07c_unsafeRejected": 54.5,
 "m07d_protectedIpRejectedOrTransformed": 100,
 "m07e_falseRejections_compatible": [],
 "m08_avgLatencyMs_all": 1933,
 "m08b_avgLatencyMs_accepted": 2416,
 "m09_cost": {
  "modelTokensIn": 0,
  "modelTokensOut": 0,
  "modelCostUsd": 0,
  "computeCostUsdPerIdea_at_0_35_per_hour": 0.000188,
  "estimatedLlmPromptTokensPerIdea": {
   "normalize": 1102,
   "plan": 2185,
   "note": "estimated from the real prompts (chars/4); output ~1.5-4k tokens per plan; repairs add ~1 plan-sized prompt each"
  }
 },
 "m10_causeResultCompleteness": 100,
 "m11_reversalPlacementCompliance": 100,
 "m12_loopCompliance": 100,
 "m13_mutedStoryHeuristicScore_mean": 98,
 "m14_cameraQualityPass_firstCompiled": 100,
 "m14b_cameraQualityPass_final": 100,
 "m15_collisionQualityPass_firstCompiled": 100,
 "m15b_collisionQualityPass_final": 100,
 "m16_deterministicRecompilation": 100
}
